adding this file to see if its included in the ls command